#-----------------------------------------------------------
# Vivado v2019.2 (64-bit)
# SW Build 2708876 on Wed Nov  6 21:40:23 MST 2019
# IP Build 2700528 on Thu Nov  7 00:09:20 MST 2019
# Start of session at: Mon Apr 19 19:47:51 2021
# Process ID: 12820
# Current directory: C:/Users/rajat/Downloads/Memory Design Project/MDT
# Command line: vivado.exe -gui_launcher_event rodinguilauncherevent18228 C:\Users\rajat\Downloads\Memory Design Project\MDT\MDT.xpr
# Log file: C:/Users/rajat/Downloads/Memory Design Project/MDT/vivado.log
# Journal file: C:/Users/rajat/Downloads/Memory Design Project/MDT\vivado.jou
#-----------------------------------------------------------
start_gui
open_project {C:/Users/rajat/Downloads/Memory Design Project/MDT/MDT.xpr}
update_compile_order -fileset sources_1
# Disabling source management mode.  This is to allow the top design properties to be set without GUI intervention.
set_property source_mgmt_mode None [current_project]
set_property top MarchX_tb [get_filesets sim_1]
set_property top_lib xil_defaultlib [get_filesets sim_1]
# Re-enabling previously disabled source management mode.
set_property source_mgmt_mode All [current_project]
update_compile_order -fileset sim_1
launch_simulation
source MarchX_tb.tcl
close_sim
launch_simulation
source MarchX_tb.tcl
close_sim
# Disabling source management mode.  This is to allow the top design properties to be set without GUI intervention.
set_property source_mgmt_mode None [current_project]
set_property top MarchCminus_tb [get_filesets sim_1]
set_property top_lib xil_defaultlib [get_filesets sim_1]
# Re-enabling previously disabled source management mode.
set_property source_mgmt_mode All [current_project]
update_compile_order -fileset sim_1
launch_simulation
source MarchCminus_tb.tcl
close_sim
launch_simulation
source MarchCminus_tb.tcl
close_sim
# Disabling source management mode.  This is to allow the top design properties to be set without GUI intervention.
set_property source_mgmt_mode None [current_project]
set_property top MarchX_tb [get_filesets sim_1]
set_property top_lib xil_defaultlib [get_filesets sim_1]
# Re-enabling previously disabled source management mode.
set_property source_mgmt_mode All [current_project]
update_compile_order -fileset sim_1
